// Jest Snapshot v1, https://goo.gl/fbAQLP

exports[`Pruebas en <HeroScreen /> Debe de mostrar un hero si el par√°metro existe y se encuentra el hero 1`] = `
<div
  className="row mt-5"
>
  <div
    className="col-4"
  >
    <img
      alt="Batman"
      className="img-thumbnail animate__animated animate__fadeInLeft"
      src="../assets/heroes/dc-batman.jpg"
    />
  </div>
  <div
    className="col-8"
  >
    <h3>
      Batman
    </h3>
    <ul
      className="list-group list-group-flush"
    >
      <li
        className="list-group-item"
      >
        <b>
          Alter Ego: 
        </b>
        Bruce Wayne
      </li>
      <li
        className="list-group-item"
      >
        <b>
          Publisher: 
        </b>
        DC Comics
      </li>
      <li
        className="list-group-item"
      >
        <b>
          First appearance: 
        </b>
        Detective Comics #27
      </li>
    </ul>
    <h5>
      Characters
    </h5>
    <p>
      Bruce Wayne
    </p>
    <button
      className="btn btn-outline-info"
      onClick={[Function]}
    >
      Return
    </button>
  </div>
</div>
`;
